**********************
Windows PowerShell transcript start
Start time: 20161129145523
Username: OLF\sghosh
RunAs User: OLF\sghosh
Machine: BENGDSK14 (Microsoft Windows NT 10.0.14393.0)
Host Application: C:\WINDOWS\system32\WindowsPowerShell\v1.0\PowerShell_ISE.exe
Process ID: 34512
PSVersion: 5.1.14393.206
PSEdition: Desktop
PSCompatibleVersions: 1.0, 2.0, 3.0, 4.0, 5.0, 5.1.14393.206
BuildVersion: 10.0.14393.206
CLRVersion: 4.0.30319.42000
WSManStackVersion: 3.0
PSRemotingProtocolVersion: 2.3
SerializationVersion: 1.1.0.1
**********************
PS C:\Users\sghosh> TerminatingError(): "The pipeline has been stopped."
>> TerminatingError(): "The pipeline has been stopped."
>> TerminatingError(): "The pipeline has been stopped."
PS C:\Users\sghosh> cls
PS C:\Users\sghosh> Get-Content C:\Mywork\Script\test.bat
tree
Pause
Cancel
PS C:\Users\sghosh> cls
PS C:\Users\sghosh> TerminatingError(): "The pipeline has been stopped."
Cancel
Cancel
PS C:\Users\sghosh> dir


    Directory: C:\Users\sghosh


Mode                LastWriteTime         Length Name
----                -------------         ------ ----
d-r---       11/21/2016  11:27 AM                Contacts
d-r---       11/21/2016  11:27 AM                Desktop
d-r---       11/28/2016   1:26 PM                Documents
d-r---       11/28/2016   2:55 PM                Downloads
d-r---       11/21/2016  11:27 AM                Favorites
d-r---       11/21/2016  11:27 AM                Links
d-r---       11/21/2016  11:27 AM                Music
d-r---       11/21/2016  11:29 AM                OneDrive
d-r---       11/21/2016  11:28 AM                Pictures
d-r---       11/21/2016  11:27 AM                Saved Games
d-r---       11/21/2016  11:29 AM                Searches
d-r---       11/21/2016  11:27 AM                Videos
-a----       11/29/2016   2:34 PM              0 dir
-a----       11/25/2016  11:21 AM            609 out.csv
-a----       11/25/2016  12:57 PM         189452 out.txt


PS C:\Users\sghosh> cl
cl : The term 'cl' is not recognized as the name of a cmdlet, function, script file, or operable program. Check the 
spelling of the name, or if a path was included, verify that the path is correct and try again.
At line:1 char:1
+ cl
+ ~~
    + CategoryInfo          : ObjectNotFound: (cl:String) [], CommandNotFoundException
    + FullyQualifiedErrorId : CommandNotFoundException
cl : The term 'cl' is not recognized as the name of a cmdlet, function, script file, or operable program.
Check the spelling of the name, or if a path was included, verify that the path is correct and try again.
At line:1 char:1
+ cl
+ ~~
    + CategoryInfo          : ObjectNotFound: (cl:String) [], CommandNotFoundException
    + FullyQualifiedErrorId : CommandNotFoundException

Cancel
PS C:\Users\sghosh> cls
**********************
Windows PowerShell transcript end
End time: 20161129160021
**********************
